// Jest Snapshot v1, https://goo.gl/fbAQLP

exports[`Calendar renders 1`] = `
<styled.div
  open={true}
>
  <styled.div>
    <styled.button
      onClick={[Function]}
      prev={true}
    >
      <img
        alt="previous"
        src="previous.svg"
      />
    </styled.button>
    <span>
      June
       
      2020
    </span>
    <styled.button
      next={true}
      onClick={[Function]}
    >
      <img
        alt="next"
        src="next.svg"
      />
    </styled.button>
  </styled.div>
  <styled.div>
    <styled.span
      key="Mo"
    >
      Mo
    </styled.span>
    <styled.span
      key="Tu"
    >
      Tu
    </styled.span>
    <styled.span
      key="We"
    >
      We
    </styled.span>
    <styled.span
      key="Th"
    >
      Th
    </styled.span>
    <styled.span
      key="Fr"
    >
      Fr
    </styled.span>
    <styled.span
      key="Sa"
    >
      Sa
    </styled.span>
    <styled.span
      key="Su"
    >
      Su
    </styled.span>
  </styled.div>
  <styled.div
    key="1234567"
  >
    <styled.div
      key="0"
    >
      <styled.span
        current={false}
        onClick={[Function]}
        selected={false}
      >
        1
      </styled.span>
    </styled.div>
    <styled.div
      key="1"
    >
      <styled.span
        current={false}
        onClick={[Function]}
        selected={false}
      >
        2
      </styled.span>
    </styled.div>
    <styled.div
      key="2"
    >
      <styled.span
        current={false}
        onClick={[Function]}
        selected={false}
      >
        3
      </styled.span>
    </styled.div>
    <styled.div
      key="3"
    >
      <styled.span
        current={false}
        onClick={[Function]}
        selected={false}
      >
        4
      </styled.span>
    </styled.div>
    <styled.div
      key="4"
    >
      <styled.span
        current={false}
        onClick={[Function]}
        selected={false}
      >
        5
      </styled.span>
    </styled.div>
    <styled.div
      key="5"
    >
      <styled.span
        current={false}
        onClick={[Function]}
        selected={false}
      >
        6
      </styled.span>
    </styled.div>
    <styled.div
      key="6"
    >
      <styled.span
        current={false}
        onClick={[Function]}
        selected={false}
      >
        7
      </styled.span>
    </styled.div>
  </styled.div>
  <styled.div
    key="891011121314"
  >
    <styled.div
      key="0"
    >
      <styled.span
        current={false}
        onClick={[Function]}
        selected={false}
      >
        8
      </styled.span>
    </styled.div>
    <styled.div
      key="1"
    >
      <styled.span
        current={false}
        onClick={[Function]}
        selected={false}
      >
        9
      </styled.span>
    </styled.div>
    <styled.div
      key="2"
    >
      <styled.span
        current={false}
        onClick={[Function]}
        selected={false}
      >
        10
      </styled.span>
    </styled.div>
    <styled.div
      key="3"
    >
      <styled.span
        current={false}
        onClick={[Function]}
        selected={false}
      >
        11
      </styled.span>
    </styled.div>
    <styled.div
      key="4"
    >
      <styled.span
        current={false}
        onClick={[Function]}
        selected={false}
      >
        12
      </styled.span>
    </styled.div>
    <styled.div
      key="5"
    >
      <styled.span
        current={false}
        onClick={[Function]}
        selected={false}
      >
        13
      </styled.span>
    </styled.div>
    <styled.div
      key="6"
    >
      <styled.span
        current={false}
        onClick={[Function]}
        selected={false}
      >
        14
      </styled.span>
    </styled.div>
  </styled.div>
  <styled.div
    key="15161718192021"
  >
    <styled.div
      key="0"
    >
      <styled.span
        current={false}
        onClick={[Function]}
        selected={false}
      >
        15
      </styled.span>
    </styled.div>
    <styled.div
      key="1"
    >
      <styled.span
        current={false}
        onClick={[Function]}
        selected={false}
      >
        16
      </styled.span>
    </styled.div>
    <styled.div
      key="2"
    >
      <styled.span
        current={false}
        onClick={[Function]}
        selected={false}
      >
        17
      </styled.span>
    </styled.div>
    <styled.div
      key="3"
    >
      <styled.span
        current={false}
        onClick={[Function]}
        selected={false}
      >
        18
      </styled.span>
    </styled.div>
    <styled.div
      key="4"
    >
      <styled.span
        current={false}
        onClick={[Function]}
        selected={false}
      >
        19
      </styled.span>
    </styled.div>
    <styled.div
      key="5"
    >
      <styled.span
        current={false}
        onClick={[Function]}
        selected={false}
      >
        20
      </styled.span>
    </styled.div>
    <styled.div
      key="6"
    >
      <styled.span
        current={false}
        onClick={[Function]}
        selected={false}
      >
        21
      </styled.span>
    </styled.div>
  </styled.div>
  <styled.div
    key="22232425262728"
  >
    <styled.div
      key="0"
    >
      <styled.span
        current={false}
        onClick={[Function]}
        selected={false}
      >
        22
      </styled.span>
    </styled.div>
    <styled.div
      key="1"
    >
      <styled.span
        current={false}
        onClick={[Function]}
        selected={false}
      >
        23
      </styled.span>
    </styled.div>
    <styled.div
      key="2"
    >
      <styled.span
        current={false}
        onClick={[Function]}
        selected={false}
      >
        24
      </styled.span>
    </styled.div>
    <styled.div
      key="3"
    >
      <styled.span
        current={false}
        onClick={[Function]}
        selected={false}
      >
        25
      </styled.span>
    </styled.div>
    <styled.div
      key="4"
    >
      <styled.span
        current={false}
        onClick={[Function]}
        selected={false}
      >
        26
      </styled.span>
    </styled.div>
    <styled.div
      key="5"
    >
      <styled.span
        current={false}
        onClick={[Function]}
        selected={false}
      >
        27
      </styled.span>
    </styled.div>
    <styled.div
      key="6"
    >
      <styled.span
        current={true}
        onClick={[Function]}
        selected={false}
      >
        28
      </styled.span>
    </styled.div>
  </styled.div>
  <styled.div
    key="2930"
  >
    <styled.div
      key="0"
    >
      <styled.span
        current={false}
        onClick={[Function]}
        selected={false}
      >
        29
      </styled.span>
    </styled.div>
    <styled.div
      key="1"
    >
      <styled.span
        current={false}
        onClick={[Function]}
        selected={false}
      >
        30
      </styled.span>
    </styled.div>
  </styled.div>
</styled.div>
`;
